Fitter Finalize Stage Report for top
Tue Oct 31 17:00:58 2023
Quartus Prime Version 21.2.0 Build 72 06/14/2021 SC Pro Edition


---------------------
; Table of Contents ;
---------------------
  1. Legal Notice
  2. Routing Usage Summary
  3. Finalize Messages



----------------
; Legal Notice ;
----------------
Copyright (C) 2021  Intel Corporation. All rights reserved.
Your use of Intel Corporation's design tools, logic functions 
and other software and tools, and any partner logic 
functions, and any output files from any of the foregoing 
(including device programming or simulation files), and any 
associated documentation or information are expressly subject 
to the terms and conditions of the Intel Program License 
Subscription Agreement, the Intel Quartus Prime License Agreement,
the Intel FPGA IP License Agreement, or other applicable license
agreement, including, without limitation, that your use is for
the sole purpose of programming logic devices manufactured by
Intel and sold by Intel or its authorized distributors.  Please
refer to the applicable agreement for further details, at
https://fpgasoftware.intel.com/eula.



+--------------------------------------------------------------+
; Routing Usage Summary                                        ;
+-----------------------------+--------------------------------+
; Routing Resource Type       ; Usage                          ;
+-----------------------------+--------------------------------+
; Block Input Mux Wrapbacks   ; 6,303 / 516,600 ( 1 % )        ;
; Block Input Muxes           ; 1,184,395 / 5,658,000 ( 21 % ) ;
; Block interconnects         ; 983,360 / 6,625,600 ( 15 % )   ;
; C1 interconnects            ; 472,805 / 2,769,200 ( 17 % )   ;
; C4 interconnects            ; 351,766 / 2,640,400 ( 13 % )   ;
; C8 interconnects            ; 18,777 / 264,040 ( 7 % )       ;
; DCM_muxes                   ; 84 / 824 ( 10 % )              ;
; DELAY_CHAINs                ; 110 / 17,290 ( < 1 % )         ;
; Direct links                ; 186,017 / 6,625,600 ( 3 % )    ;
; HIO Buffers                 ; 902 / 45,920 ( 2 % )           ;
; Programmable Invert Buffers ; 110 / 480 ( 23 % )             ;
; Programmable Invert Inputs  ; 38,669 / 513,810 ( 8 % )       ;
; Programmable Inverts        ; 38,669 / 513,810 ( 8 % )       ;
; R0 interconnects            ; 670,194 / 4,620,700 ( 15 % )   ;
; R1 interconnects            ; 359,105 / 2,640,400 ( 14 % )   ;
; R12 interconnects           ; 11,445 / 396,060 ( 3 % )       ;
; R2 interconnects            ; 156,017 / 1,324,300 ( 12 % )   ;
; R4 interconnects            ; 138,722 / 1,332,500 ( 10 % )   ;
; R6 interconnects            ; 178,328 / 1,336,600 ( 13 % )   ;
; Redundancy Muxes            ; 1,923 / 90,920 ( 2 % )         ;
; Row Clock Tap-Offs          ; 31,417 / 396,060 ( 8 % )       ;
; Switchbox_clock_muxes       ; 491 / 13,440 ( 4 % )           ;
; VIO Buffers                 ; 2,160 / 19,200 ( 11 % )        ;
; Vertical_seam_tap_muxes     ; 435 / 6,720 ( 6 % )            ;
+-----------------------------+--------------------------------+


+-------------------+
; Finalize Messages ;
+-------------------+
Info (20030): Parallel compilation is enabled and will use 16 of the 24 processors detected
Info: *******************************************************************
Info: Running Quartus Prime Fitter
    Info: Version 21.2.0 Build 72 06/14/2021 SC Pro Edition
    Info: Copyright (C) 2021  Intel Corporation. All rights reserved.
    Info: Your use of Intel Corporation's design tools, logic functions 
    Info: and other software and tools, and any partner logic 
    Info: functions, and any output files from any of the foregoing 
    Info: (including device programming or simulation files), and any 
    Info: associated documentation or information are expressly subject 
    Info: to the terms and conditions of the Intel Program License 
    Info: Subscription Agreement, the Intel Quartus Prime License Agreement,
    Info: the Intel FPGA IP License Agreement, or other applicable license
    Info: agreement, including, without limitation, that your use is for
    Info: the sole purpose of programming logic devices manufactured by
    Info: Intel and sold by Intel or its authorized distributors.  Please
    Info: refer to the applicable agreement for further details, at
    Info: https://fpgasoftware.intel.com/eula.
    Info: Processing started: Tue Oct 31 16:12:15 2023
    Info: System process ID: 2151256
Info: Command: quartus_fit top -c top
Info: Using INI file /tmp/main-d181fb-b14a92/quartus.ini
Info: qfit2_default_script.tcl version: #1
Info: Project  = top
Info: Revision = top
Info (21077): Low junction temperature is 0 degrees C
Info (21077): High junction temperature is 100 degrees C
Info (18258): Fitter Physical Synthesis operations beginning
Info (18259): Fitter Physical Synthesis operations ending: elapsed time is 00:00:57
Info (16557): Fitter post-fit operations ending: elapsed time is 00:06:38


